// Jest Snapshot v1, https://goo.gl/fbAQLP

exports[`Test Footer mathc the snapshot 1`] = `
<footer
  className="footer"
>
  <div
    className="container py-10 mx-auto text-center"
  >
    <strong>
      Copyright Â©2022 Recipy
    </strong>
  </div>
</footer>
`;
